
> bn-paper-market@1.0.0 market:watch
> tsx src/cli/market-watch.ts

[market-push] watch started — immediate push, then every 10 min
[market-push] building report...
[market-push] failed: fetch failed
[market-push] done in 10565ms

> bn-paper-market@1.0.0 market:watch
> tsx src/cli/market-watch.ts

[market-push] watch started — immediate push, then every 10 min
[market-push] building report...
[market-push] sent to Telegram
[market-push] done in 44423ms
[market-push] building report...
[market-push] sent to Telegram
[market-push] done in 40610ms
[market-push] building report...
[market-push] sent to Telegram
[market-push] done in 35598ms
[market-push] building report...
[market-push] sent to Telegram
[market-push] done in 46914ms
[market-push] building report...
[market-push] sent to Telegram
[market-push] done in 37226ms
[market-push] building report...
[market-push] sent to Telegram
[market-push] done in 38033ms

> bn-paper-market@1.0.0 market:watch
> tsx src/cli/market-watch.ts

[market-push] watch started — scan every 10 min, Telegram: trades only (no market report)
[market-push] scan + paper trading (no market report by default)...
[market] scan pool: top 60 gainers + top 30 losers (min vol 0.5M)
[market] fetching klines for 93 symbols...
[market-push] no trades, no Telegram message
[market-push] done in 53381ms
[market-push] scan + paper trading (no market report by default)...
[market] scan pool: top 60 gainers + top 30 losers (min vol 0.5M)
[market] fetching klines for 93 symbols...
[market-push] no trades, no Telegram message
[market-push] done in 65511ms
[market-push] scan + paper trading (no market report by default)...
[market] scan pool: top 60 gainers + top 30 losers (min vol 0.5M)
[market] fetching klines for 93 symbols...
[market-push] no trades, no Telegram message
[market-push] done in 61191ms
[market-push] scan + paper trading (no market report by default)...
[market] scan pool: top 60 gainers + top 30 losers (min vol 0.5M)
[market] fetching klines for 93 symbols...
[market-push] no trades, no Telegram message
[market-push] done in 57508ms
[market-push] scan + paper trading (no market report by default)...
[market] scan pool: top 60 gainers + top 30 losers (min vol 0.5M)
[market] fetching klines for 93 symbols...
[market-push] no trades, no Telegram message
[market-push] done in 64222ms
[market-push] scan + paper trading (no market report by default)...
[market] scan pool: top 60 gainers + top 30 losers (min vol 0.5M)
[market] fetching klines for 93 symbols...
[market-push] no trades, no Telegram message
[market-push] done in 53709ms
[market-push] scan + paper trading (no market report by default)...
[market] scan pool: top 60 gainers + top 30 losers (min vol 0.5M)
[market] fetching klines for 93 symbols...
[market-push] no trades, no Telegram message
[market-push] done in 75604ms
[market-push] scan + paper trading (no market report by default)...
[market] scan pool: top 60 gainers + top 30 losers (min vol 0.5M)
[market] fetching klines for 93 symbols...
[market-push] no trades, no Telegram message
[market-push] done in 54007ms
[market-push] scan + paper trading (no market report by default)...
[market] scan pool: top 60 gainers + top 30 losers (min vol 0.5M)
[market] fetching klines for 93 symbols...
[market] skip SAPIENUSDT: Binance /fapi/v1/klines?symbol=SAPIENUSDT&interval=1d&limit=30: empty PowerShell response
[market-push] no trades, no Telegram message
[market-push] done in 63554ms
[market-push] scan + paper trading (no market report by default)...
[market] scan pool: top 60 gainers + top 30 losers (min vol 0.5M)
[market] fetching klines for 93 symbols...
[market-push] no trades, no Telegram message
[market-push] done in 54891ms
[market-push] scan + paper trading (no market report by default)...
[market] scan pool: top 60 gainers + top 30 losers (min vol 0.5M)
[market] fetching klines for 93 symbols...
[market-push] no trades, no Telegram message
[market-push] done in 54687ms
[market-push] scan + paper trading (no market report by default)...
[market] scan pool: top 60 gainers + top 30 losers (min vol 0.5M)
[market] fetching klines for 93 symbols...
